2026-09-17 18:01:16.894: [INFO] CurrentProfilePath: C:\Users\Admin\Documents\workspace-spring-tools-for-eclipse-5.4.0.RELEASE\AgriTech-Platform\.metadata\.plugins\org.eclipse.swt\EBWebView\Default
2026-09-17 18:01:16.894: [INFO] Profiles total count: 1
2026-09-17 18:01:16.894: [INFO] Profile: name=Profile 1 path=C:\Users\Admin\Documents\workspace-spring-tools-for-eclipse-5.4.0.RELEASE\AgriTech-Platform\.metadata\.plugins\org.eclipse.swt\EBWebView\Default lastActive=null
2026-09-17 18:01:16.894: [INFO] LastUsedProfileDir: C:\Users\Admin\Documents\workspace-spring-tools-for-eclipse-5.4.0.RELEASE\AgriTech-Platform\.metadata\.plugins\org.eclipse.swt\EBWebView\Default
2026-09-17 18:01:16.894: [INFO] OnDoneLoading sync enabled: 0
2026-09-17 18:01:16.894: [INFO] BookmarkModelLoaded, ids_reassigned: 0
2026-09-17 18:01:16.894: [INFO] BookmarksLoadDropped droppedNodes=0
2026-09-17 18:01:16.894: [INFO] BookmarksSnapshot Startup total=0 bar=0 other=0 mobile=0 showBar=0 showBarNTP=1
2026-09-17 18:03:40.923: [INFO] BookmarksSnapshot Shutdown total=0 bar=0 other=0 mobile=0 showBar=0 showBarNTP=1
2026-09-17 18:03:41.033: [INFO] CurrentProfilePath: C:\Users\Admin\Documents\workspace-spring-tools-for-eclipse-5.4.0.RELEASE\AgriTech-Platform\.metadata\.plugins\org.eclipse.swt\EBWebView\Default
2026-09-17 18:03:41.033: [INFO] Profiles total count: 1
2026-09-17 18:03:41.033: [INFO] Profile: name=Profile 1 path=C:\Users\Admin\Documents\workspace-spring-tools-for-eclipse-5.4.0.RELEASE\AgriTech-Platform\.metadata\.plugins\org.eclipse.swt\EBWebView\Default lastActive=null
2026-09-17 18:03:41.033: [INFO] LastUsedProfileDir: C:\Users\Admin\Documents\workspace-spring-tools-for-eclipse-5.4.0.RELEASE\AgriTech-Platform\.metadata\.plugins\org.eclipse.swt\EBWebView\Default
2026-09-17 18:03:41.033: [INFO] OnDoneLoading sync enabled: 0
2026-09-17 18:03:41.033: [INFO] BookmarkModelLoaded, ids_reassigned: 0
2026-09-17 18:03:41.033: [INFO] BookmarksLoadDropped droppedNodes=0
2026-09-17 18:03:41.033: [INFO] BookmarksSnapshot Startup total=0 bar=0 other=0 mobile=0 showBar=0 showBarNTP=1
2026-09-17 18:05:58.873: [INFO] BookmarksSnapshot Shutdown total=0 bar=0 other=0 mobile=0 showBar=0 showBarNTP=1
2026-09-17 18:05:58.952: [INFO] CurrentProfilePath: C:\Users\Admin\Documents\workspace-spring-tools-for-eclipse-5.4.0.RELEASE\AgriTech-Platform\.metadata\.plugins\org.eclipse.swt\EBWebView\Default
2026-09-17 18:05:58.952: [INFO] Profiles total count: 1
2026-09-17 18:05:58.952: [INFO] Profile: name=Profile 1 path=C:\Users\Admin\Documents\workspace-spring-tools-for-eclipse-5.4.0.RELEASE\AgriTech-Platform\.metadata\.plugins\org.eclipse.swt\EBWebView\Default lastActive=null
2026-09-17 18:05:58.952: [INFO] LastUsedProfileDir: C:\Users\Admin\Documents\workspace-spring-tools-for-eclipse-5.4.0.RELEASE\AgriTech-Platform\.metadata\.plugins\org.eclipse.swt\EBWebView\Default
2026-09-17 18:05:58.952: [INFO] OnDoneLoading sync enabled: 0
2026-09-17 18:05:58.952: [INFO] BookmarkModelLoaded, ids_reassigned: 0
2026-09-17 18:05:58.952: [INFO] BookmarksLoadDropped droppedNodes=0
2026-09-17 18:05:58.952: [INFO] BookmarksSnapshot Startup total=0 bar=0 other=0 mobile=0 showBar=0 showBarNTP=1
2026-09-17 18:06:43.787: [INFO] BookmarksSnapshot Shutdown total=0 bar=0 other=0 mobile=0 showBar=0 showBarNTP=1
2026-09-17 18:06:43.864: [INFO] CurrentProfilePath: C:\Users\Admin\Documents\workspace-spring-tools-for-eclipse-5.4.0.RELEASE\AgriTech-Platform\.metadata\.plugins\org.eclipse.swt\EBWebView\Default
2026-09-17 18:06:43.864: [INFO] Profiles total count: 1
2026-09-17 18:06:43.864: [INFO] Profile: name=Profile 1 path=C:\Users\Admin\Documents\workspace-spring-tools-for-eclipse-5.4.0.RELEASE\AgriTech-Platform\.metadata\.plugins\org.eclipse.swt\EBWebView\Default lastActive=null
2026-09-17 18:06:43.864: [INFO] LastUsedProfileDir: C:\Users\Admin\Documents\workspace-spring-tools-for-eclipse-5.4.0.RELEASE\AgriTech-Platform\.metadata\.plugins\org.eclipse.swt\EBWebView\Default
2026-09-17 18:06:43.864: [INFO] OnDoneLoading sync enabled: 0
2026-09-17 18:06:43.864: [INFO] BookmarkModelLoaded, ids_reassigned: 0
2026-09-17 18:06:43.864: [INFO] BookmarksLoadDropped droppedNodes=0
2026-09-17 18:06:43.864: [INFO] BookmarksSnapshot Startup total=0 bar=0 other=0 mobile=0 showBar=0 showBarNTP=1
2026-09-17 18:16:26.720: [INFO] BookmarksSnapshot Shutdown total=0 bar=0 other=0 mobile=0 showBar=0 showBarNTP=1
2026-09-17 18:16:26.840: [INFO] CurrentProfilePath: C:\Users\Admin\Documents\workspace-spring-tools-for-eclipse-5.4.0.RELEASE\AgriTech-Platform\.metadata\.plugins\org.eclipse.swt\EBWebView\Default
2026-09-17 18:16:26.840: [INFO] Profiles total count: 1
2026-09-17 18:16:26.840: [INFO] Profile: name=Profile 1 path=C:\Users\Admin\Documents\workspace-spring-tools-for-eclipse-5.4.0.RELEASE\AgriTech-Platform\.metadata\.plugins\org.eclipse.swt\EBWebView\Default lastActive=null
2026-09-17 18:16:26.840: [INFO] LastUsedProfileDir: C:\Users\Admin\Documents\workspace-spring-tools-for-eclipse-5.4.0.RELEASE\AgriTech-Platform\.metadata\.plugins\org.eclipse.swt\EBWebView\Default
2026-09-17 18:16:26.840: [INFO] OnDoneLoading sync enabled: 0
2026-09-17 18:16:26.840: [INFO] BookmarkModelLoaded, ids_reassigned: 0
2026-09-17 18:16:26.840: [INFO] BookmarksLoadDropped droppedNodes=0
2026-09-17 18:16:26.840: [INFO] BookmarksSnapshot Startup total=0 bar=0 other=0 mobile=0 showBar=0 showBarNTP=1
2026-09-17 18:17:53.393: [INFO] BookmarksSnapshot Shutdown total=0 bar=0 other=0 mobile=0 showBar=0 showBarNTP=1
2026-09-17 18:18:18.717: [INFO] CurrentProfilePath: C:\Users\Admin\Documents\workspace-spring-tools-for-eclipse-5.4.0.RELEASE\AgriTech-Platform\.metadata\.plugins\org.eclipse.swt\EBWebView\Default
2026-09-17 18:18:18.717: [INFO] Profiles total count: 1
2026-09-17 18:18:18.717: [INFO] Profile: name=Profile 1 path=C:\Users\Admin\Documents\workspace-spring-tools-for-eclipse-5.4.0.RELEASE\AgriTech-Platform\.metadata\.plugins\org.eclipse.swt\EBWebView\Default lastActive=null
2026-09-17 18:18:18.717: [INFO] LastUsedProfileDir: C:\Users\Admin\Documents\workspace-spring-tools-for-eclipse-5.4.0.RELEASE\AgriTech-Platform\.metadata\.plugins\org.eclipse.swt\EBWebView\Default
2026-09-17 18:18:18.717: [INFO] OnDoneLoading sync enabled: 0
2026-09-17 18:18:18.717: [INFO] BookmarkModelLoaded, ids_reassigned: 0
2026-09-17 18:18:18.717: [INFO] BookmarksLoadDropped droppedNodes=0
2026-09-17 18:18:18.717: [INFO] BookmarksSnapshot Startup total=0 bar=0 other=0 mobile=0 showBar=0 showBarNTP=1
2026-09-17 20:22:01.550: [INFO] BookmarksSnapshot Shutdown total=0 bar=0 other=0 mobile=0 showBar=0 showBarNTP=1
2026-09-20 03:34:00.899: [INFO] CurrentProfilePath: C:\Users\Admin\Documents\workspace-spring-tools-for-eclipse-5.4.0.RELEASE\AgriTech-Platform\.metadata\.plugins\org.eclipse.swt\EBWebView\Default
2026-09-20 03:34:00.899: [INFO] Profiles total count: 1
2026-09-20 03:34:00.899: [INFO] Profile: name=Profile 1 path=C:\Users\Admin\Documents\workspace-spring-tools-for-eclipse-5.4.0.RELEASE\AgriTech-Platform\.metadata\.plugins\org.eclipse.swt\EBWebView\Default lastActive=null
2026-09-20 03:34:00.899: [INFO] LastUsedProfileDir: C:\Users\Admin\Documents\workspace-spring-tools-for-eclipse-5.4.0.RELEASE\AgriTech-Platform\.metadata\.plugins\org.eclipse.swt\EBWebView\Default
2026-09-20 03:34:00.899: [INFO] OnDoneLoading sync enabled: 0
2026-09-20 03:34:00.899: [INFO] BookmarkModelLoaded, ids_reassigned: 0
2026-09-20 03:34:00.899: [INFO] BookmarksLoadDropped droppedNodes=0
2026-09-20 03:34:00.899: [INFO] BookmarksSnapshot Startup total=0 bar=0 other=0 mobile=0 showBar=0 showBarNTP=1
2026-09-21 07:55:37.926: [INFO] BookmarksSnapshot Shutdown total=0 bar=0 other=0 mobile=0 showBar=0 showBarNTP=1
